2025-07-01 23:30:42,950 - INFO - 🚀 LEIER Product Scraper (Enhanced) Initialized
2025-07-01 23:30:42,951 - INFO - --- Starting LEIER Product Document Scraping ---
2025-07-01 23:30:43,714 - INFO - HTTP Request: GET https://www.leier.hu/hu/termekeink "HTTP/1.1 200 OK"
2025-07-01 23:30:43,780 - INFO - Found 25 categories in main page
2025-07-01 23:30:43,780 - INFO - Found 25 categories to process
2025-07-01 23:30:43,780 - INFO - --- Scraping category: Égetett kerámia falazóelemek ---
2025-07-01 23:30:44,274 - INFO - HTTP Request: GET https://www.leier.hu/hu/termekeink/egetett-keramia-falazoelemek "HTTP/1.1 200 OK"
2025-07-01 23:30:44,320 - INFO - Found 0 products in category: https://www.leier.hu/hu/termekeink/egetett-keramia-falazoelemek
2025-07-01 23:30:44,320 - INFO - --- Scraping category: Nyílásáthidalók ---
2025-07-01 23:30:44,726 - INFO - HTTP Request: GET https://www.leier.hu/hu/termekeink/nyilasathidalok "HTTP/1.1 200 OK"
2025-07-01 23:30:44,785 - INFO - Found 3 products in category: https://www.leier.hu/hu/termekeink/nyilasathidalok
2025-07-01 23:30:44,785 - INFO - Scraping product: Leier MDE nyílásáthidaló
2025-07-01 23:30:45,228 - INFO - HTTP Request: GET https://www.leier.hu/hu/termekek/leier-mde-nyilasathidalo "HTTP/1.1 200 OK"
2025-07-01 23:30:45,301 - INFO - Found 13 documents in product: Leier MDE nyílásáthidaló
2025-07-01 23:30:45,807 - INFO - Scraping product: Leier MDA nyílásáthidaló
2025-07-01 23:30:46,271 - INFO - HTTP Request: GET https://www.leier.hu/hu/termekek/leier-mda-nyilasathidalo "HTTP/1.1 200 OK"
2025-07-01 23:30:46,355 - INFO - Found 12 documents in product: Leier MDA nyílásáthidaló
2025-07-01 23:30:46,867 - INFO - Scraping product: Leier MDVA nyílásáthidaló
2025-07-01 23:30:47,411 - INFO - HTTP Request: GET https://www.leier.hu/hu/termekek/leier-mdva-nyilasathidalo "HTTP/1.1 200 OK"
2025-07-01 23:30:47,492 - INFO - Found 12 documents in product: Leier MDVA nyílásáthidaló
2025-07-01 23:30:48,005 - INFO - --- Scraping category: Beton zsaluzóelemek, egyéb betonelemek ---
2025-07-01 23:30:48,453 - INFO - HTTP Request: GET https://www.leier.hu/hu/termekeink/beton-zsaluzoelemek "HTTP/1.1 200 OK"
2025-07-01 23:30:48,509 - INFO - Found 0 products in category: https://www.leier.hu/hu/termekeink/beton-zsaluzoelemek
2025-07-01 23:30:48,510 - INFO - --- Scraping category: Durisol falazóelemek ---
2025-07-01 23:30:48,973 - INFO - HTTP Request: GET https://www.leier.hu/hu/termekeink/durisol-falazoelemek "HTTP/1.1 200 OK"
2025-07-01 23:30:49,025 - INFO - Found 10 products in category: https://www.leier.hu/hu/termekeink/durisol-falazoelemek
2025-07-01 23:30:49,025 - INFO - Scraping product: Durisol hőszigetelt falazóelem DSm 45/12 L
2025-07-01 23:30:49,668 - INFO - HTTP Request: GET https://www.leier.hu/hu/termekek/durisol-hoszigetelt-falazoelem-dsm-45-12-l "HTTP/1.1 200 OK"
2025-07-01 23:30:49,806 - INFO - Found 31 documents in product: Durisol hőszigetelt falazóelem DSm 45/12 L
2025-07-01 23:30:50,316 - INFO - Scraping product: Durisol hőszigetelt falazóelem DSs 45/12 L
2025-07-01 23:30:50,920 - INFO - HTTP Request: GET https://www.leier.hu/hu/termekek/durisol-hoszigetelt-falazoelem-dss-45-12-l "HTTP/1.1 200 OK"
2025-07-01 23:30:51,031 - INFO - Found 35 documents in product: Durisol hőszigetelt falazóelem DSs 45/12 L
2025-07-01 23:30:51,543 - INFO - Scraping product: Durisol hőszigetelt falazóelem DSs 30/12 L
2025-07-01 23:30:52,053 - INFO - HTTP Request: GET https://www.leier.hu/hu/termekek/durisol-hoszigetelt-falazoelem-dss-30-12-l "HTTP/1.1 200 OK"
2025-07-01 23:30:52,168 - INFO - Found 33 documents in product: Durisol hőszigetelt falazóelem DSs 30/12 L
2025-07-01 23:30:52,672 - INFO - Scraping product: Durisol hanggátló falazóelem DMi 38/18
2025-07-01 23:30:53,208 - INFO - HTTP Request: GET https://www.leier.hu/hu/termekek/durisol-hanggatlo-falazoelem-dmi-38-18 "HTTP/1.1 200 OK"
2025-07-01 23:30:53,315 - INFO - Found 35 documents in product: Durisol hanggátló falazóelem DMi 38/18
2025-07-01 23:30:53,824 - INFO - Scraping product: Durisol hanggátló falazóelem DMi 31,5/18
2025-07-01 23:30:54,620 - INFO - HTTP Request: GET https://www.leier.hu/hu/termekek/durisol-hanggatlo-falazoelem-dmi-31-5-18 "HTTP/1.1 200 OK"
2025-07-01 23:30:54,755 - INFO - Found 33 documents in product: Durisol hanggátló falazóelem DMi 31,5/18
2025-07-01 23:30:55,265 - INFO - Scraping product: Durisol hanggátló falazóelem DMi 25/18
2025-07-01 23:30:55,802 - INFO - HTTP Request: GET https://www.leier.hu/hu/termekek/durisol-hanggatlo-falazoelem-dmi-25-18 "HTTP/1.1 200 OK"
2025-07-01 23:30:55,890 - INFO - Found 33 documents in product: Durisol hanggátló falazóelem DMi 25/18
2025-07-01 23:30:56,404 - INFO - Scraping product: Durisol hanggátló falazóelem DMi 20/13
2025-07-01 23:30:56,927 - INFO - HTTP Request: GET https://www.leier.hu/hu/termekek/durisol-hanggatlo-falazoelem-dmi-20-13 "HTTP/1.1 200 OK"
2025-07-01 23:30:57,024 - INFO - Found 33 documents in product: Durisol hanggátló falazóelem DMi 20/13
2025-07-01 23:30:57,527 - INFO - Scraping product: Durisol hanggátló falazóelem DMi 17/12 L
2025-07-01 23:30:58,083 - INFO - HTTP Request: GET https://www.leier.hu/hu/termekek/durisol-hanggatlo-falazoelem-dmi-17-12-l "HTTP/1.1 200 OK"
2025-07-01 23:30:58,230 - INFO - Found 33 documents in product: Durisol hanggátló falazóelem DMi 17/12 L
2025-07-01 23:30:58,734 - INFO - Scraping product: Durisol hanggátló falazóelem DMi 15/9 L
2025-07-01 23:30:59,262 - INFO - HTTP Request: GET https://www.leier.hu/hu/termekek/durisol-hanggatlo-falazoelem-dmi-15-9-l "HTTP/1.1 200 OK"
2025-07-01 23:30:59,368 - INFO - Found 33 documents in product: Durisol hanggátló falazóelem DMi 15/9 L
2025-07-01 23:30:59,874 - INFO - Scraping product: Méretre gyártott Durisol falelem
2025-07-01 23:31:00,420 - INFO - HTTP Request: GET https://www.leier.hu/hu/termekek/durisol-zajarnyekolo-blokkelem "HTTP/1.1 200 OK"
2025-07-01 23:31:00,519 - INFO - Found 20 documents in product: Méretre gyártott Durisol falelem
2025-07-01 23:31:01,035 - INFO - --- Scraping category: Betoncserepek ---
2025-07-01 23:31:01,546 - INFO - HTTP Request: GET https://www.leier.hu/hu/termekeink/betoncserepek "HTTP/1.1 200 OK"
2025-07-01 23:31:01,602 - INFO - Found 8 products in category: https://www.leier.hu/hu/termekeink/betoncserepek
2025-07-01 23:31:01,602 - INFO - Scraping product: Toscana Basic tetőcserépA Toscana betoncserepekkel hagyományos hullámos profilú fedések készíthetők. Az új tetőkön kívül ideális megoldás régi tetőfedések cseréjéhez is, mive...Megnézem
2025-07-01 23:31:02,138 - INFO - HTTP Request: GET https://www.leier.hu/hu/termekek/toscana-basic-tetocserep "HTTP/1.1 200 OK"
