2025-07-07 15:57:36,368 - INFO - 🚀 LEIER Download Manager Scraper Initialized
2025-07-07 15:57:36,369 - INFO - --- Starting LEIER Download Manager Scraping ---
2025-07-07 15:57:36,369 - INFO - Scraping 3 entry points...
2025-07-07 15:57:36,370 - INFO - Fetching page: https://u-ertek-kalkulator.leier.hu/letoltesek-1
2025-07-07 15:57:37,212 - INFO - Fetching page: https://u-ertek-kalkulator.leier.hu/alkalmazastechnikak
2025-07-07 15:57:37,872 - INFO - Fetching page: https://u-ertek-kalkulator.leier.hu/teljesitmenynyilatkozat
2025-07-07 15:57:38,747 - INFO - HTTP Request: GET https://u-ertek-kalkulator.leier.hu/teljesitmenynyilatkozat "HTTP/1.1 200 OK"
2025-07-07 15:57:38,757 - INFO - HTTP Request: GET https://u-ertek-kalkulator.leier.hu/alkalmazastechnikak "HTTP/1.1 200 OK"
2025-07-07 15:57:38,792 - INFO - Found 4 new download links on https://u-ertek-kalkulator.leier.hu/teljesitmenynyilatkozat
2025-07-07 15:57:38,797 - INFO - HTTP Request: GET https://u-ertek-kalkulator.leier.hu/letoltesek-1 "HTTP/1.1 200 OK"
2025-07-07 15:57:38,829 - INFO - Found 16 new download links on https://u-ertek-kalkulator.leier.hu/alkalmazastechnikak
2025-07-07 15:57:38,858 - INFO - Found 0 new download links on https://u-ertek-kalkulator.leier.hu/letoltesek-1
2025-07-07 15:57:38,860 - INFO - Discovery complete. Found 20 unique document links.
2025-07-07 15:57:38,860 - INFO - --- Downloading 20 documents ---
2025-07-07 15:57:38,862 - INFO - Downloading: Információk from https://u-ertek-kalkulator.leier.hu/downloadmanager/details/id/3474/m/186
2025-07-07 15:57:39,509 - INFO - Downloading: Információk from https://u-ertek-kalkulator.leier.hu/downloadmanager/details/id/920/m/30
2025-07-07 15:57:40,075 - INFO - Downloading: Falazóelemek - Alkalmazástechnika és Tervezési segédlet Durisol nélkül from https://u-ertek-kalkulator.leier.hu/downloadmanager/details/id/1921/m/30
2025-07-07 15:57:40,652 - INFO - Downloading: Durisol falazati rendszer - Pozsony - Teljesítménynyilatkozat LE BA15498-02 from https://u-ertek-kalkulator.leier.hu/downloadmanager/details/id/3474/m/186
2025-07-07 15:57:41,260 - INFO - Downloading: Tetőfedő elemek - Alkalmazástechnika from https://u-ertek-kalkulator.leier.hu/downloadmanager/details/id/895/m/30
2025-07-07 15:57:41,800 - INFO - Downloading: Mélyépítés, felszíni vízelvezetés, környezettechnika - Alkalmazástechnika from https://u-ertek-kalkulator.leier.hu/downloadmanager/details/id/1250/m/30
2025-07-07 15:57:41,801 - INFO - Downloading: Falazóelemek - Alkalmazástechnika és Tervezési segédlet from https://u-ertek-kalkulator.leier.hu/downloadmanager/details/id/1916/m/30
2025-07-07 15:57:41,801 - INFO - Downloading: DÍSZBURKOLATOK ALKALMAZÁSTECHNIKA ÉS TERVEZÉSI SEGÉDLET from https://u-ertek-kalkulator.leier.hu/downloadmanager/details/id/3481/m/30
2025-07-07 15:57:41,802 - INFO - Downloading: TELJESÍTMÉNYNYILATKOZAT Multikeram_NR: LE KLETA-12-0491-MULTIKERAM-02 from https://u-ertek-kalkulator.leier.hu/downloadmanager/details/id/1949/m/186
2025-07-07 15:57:41,803 - INFO - Downloading: Információk from https://u-ertek-kalkulator.leier.hu/downloadmanager/details/id/1921/m/30
2025-07-07 15:57:41,804 - INFO - Downloading: Durisol Falazóelemek - Alkalmazástechnika és tervezési segédlet from https://u-ertek-kalkulator.leier.hu/downloadmanager/details/id/3469/m/30
2025-07-07 15:57:41,807 - INFO - Downloading: Durisol zajárnyékoló rendszer, vasútépítés - Alkalmazástechnika from https://u-ertek-kalkulator.leier.hu/downloadmanager/details/id/920/m/30
2025-07-07 15:57:41,808 - INFO - Downloading: Információk from https://u-ertek-kalkulator.leier.hu/downloadmanager/details/id/895/m/30
2025-07-07 15:57:41,809 - INFO - Downloading: Információk from https://u-ertek-kalkulator.leier.hu/downloadmanager/details/id/956/m/30
2025-07-07 15:57:41,813 - INFO - Downloading: Információk from https://u-ertek-kalkulator.leier.hu/downloadmanager/details/id/1250/m/30
2025-07-07 15:57:41,818 - INFO - Downloading: Információk from https://u-ertek-kalkulator.leier.hu/downloadmanager/details/id/1916/m/30
2025-07-07 15:57:41,823 - INFO - Downloading: Információk from https://u-ertek-kalkulator.leier.hu/downloadmanager/details/id/3481/m/30
2025-07-07 15:57:41,825 - INFO - Downloading: Információk from https://u-ertek-kalkulator.leier.hu/downloadmanager/details/id/3469/m/30
2025-07-07 15:57:41,827 - INFO - Downloading: Információk from https://u-ertek-kalkulator.leier.hu/downloadmanager/details/id/1949/m/186
2025-07-07 15:57:41,829 - INFO - Downloading: Előregyártott betonelemek - Alkalmazástechnika from https://u-ertek-kalkulator.leier.hu/downloadmanager/details/id/956/m/30
2025-07-07 15:57:42,029 - INFO - HTTP Request: GET https://u-ertek-kalkulator.leier.hu/downloadmanager/details/id/3474/m/186 "HTTP/1.1 200 OK"
2025-07-07 15:57:42,037 - INFO - ✅ Downloaded: Durisol falazati rendszer - Pozsony - Teljesítménynyilatkozat LE BA15498-02
2025-07-07 15:57:42,435 - INFO - HTTP Request: GET https://u-ertek-kalkulator.leier.hu/downloadmanager/details/id/920/m/30 "HTTP/1.1 200 OK"
2025-07-07 15:57:42,437 - INFO - HTTP Request: GET https://u-ertek-kalkulator.leier.hu/downloadmanager/details/id/3474/m/186 "HTTP/1.1 200 OK"
2025-07-07 15:57:42,439 - INFO - HTTP Request: GET https://u-ertek-kalkulator.leier.hu/downloadmanager/details/id/1921/m/30 "HTTP/1.1 200 OK"
2025-07-07 15:57:42,443 - INFO - HTTP Request: GET https://u-ertek-kalkulator.leier.hu/downloadmanager/details/id/895/m/30 "HTTP/1.1 200 OK"
2025-07-07 15:57:42,453 - INFO - ✅ Downloaded: Információk
2025-07-07 15:57:43,059 - INFO - ✅ Downloaded: Tetőfedő elemek - Alkalmazástechnika
2025-07-07 15:57:43,939 - INFO - ✅ Downloaded: Információk
2025-07-07 15:57:45,111 - INFO - ✅ Downloaded: Falazóelemek - Alkalmazástechnika és Tervezési segédlet Durisol nélkül
2025-07-07 15:57:48,043 - INFO - HTTP Request: GET https://u-ertek-kalkulator.leier.hu/downloadmanager/details/id/1250/m/30 "HTTP/1.1 200 OK"
2025-07-07 15:57:48,055 - INFO - ✅ Downloaded: Mélyépítés_ felszíni vízelvezetés_ környezettechnika - Alkalmazástechnika
2025-07-07 15:57:48,909 - INFO - HTTP Request: GET https://u-ertek-kalkulator.leier.hu/downloadmanager/details/id/3481/m/30 "HTTP/1.1 200 OK"
2025-07-07 15:57:48,914 - INFO - HTTP Request: GET https://u-ertek-kalkulator.leier.hu/downloadmanager/details/id/1916/m/30 "HTTP/1.1 200 OK"
2025-07-07 15:57:48,917 - INFO - HTTP Request: GET https://u-ertek-kalkulator.leier.hu/downloadmanager/details/id/1949/m/186 "HTTP/1.1 200 OK"
2025-07-07 15:57:48,920 - INFO - HTTP Request: GET https://u-ertek-kalkulator.leier.hu/downloadmanager/details/id/1921/m/30 "HTTP/1.1 200 OK"
2025-07-07 15:57:48,937 - INFO - ✅ Downloaded: DÍSZBURKOLATOK ALKALMAZÁSTECHNIKA ÉS TERVEZÉSI SEGÉDLET
2025-07-07 15:57:48,939 - INFO - ✅ Downloaded: Falazóelemek - Alkalmazástechnika és Tervezési segédlet
2025-07-07 15:57:48,940 - INFO - ✅ Downloaded: TELJESÍTMÉNYNYILATKOZAT Multikeram_NR_ LE KLETA-12-0491-MULTIKERAM-02
2025-07-07 15:57:51,479 - INFO - ✅ Downloaded: Információk
2025-07-07 15:57:52,479 - INFO - HTTP Request: GET https://u-ertek-kalkulator.leier.hu/downloadmanager/details/id/920/m/30 "HTTP/1.1 200 OK"
2025-07-07 15:57:52,486 - INFO - HTTP Request: GET https://u-ertek-kalkulator.leier.hu/downloadmanager/details/id/895/m/30 "HTTP/1.1 200 OK"
2025-07-07 15:57:52,489 - INFO - ✅ Downloaded: Durisol zajárnyékoló rendszer_ vasútépítés - Alkalmazástechnika
2025-07-07 15:57:53,264 - INFO - HTTP Request: GET https://u-ertek-kalkulator.leier.hu/downloadmanager/details/id/1250/m/30 "HTTP/1.1 200 OK"
2025-07-07 15:57:53,275 - INFO - HTTP Request: GET https://u-ertek-kalkulator.leier.hu/downloadmanager/details/id/3469/m/30 "HTTP/1.1 200 OK"
2025-07-07 15:57:53,282 - INFO - HTTP Request: GET https://u-ertek-kalkulator.leier.hu/downloadmanager/details/id/956/m/30 "HTTP/1.1 200 OK"
2025-07-07 15:57:53,291 - INFO - ✅ Downloaded: Információk
2025-07-07 15:57:54,035 - INFO - ✅ Downloaded: Információk
2025-07-07 15:57:54,758 - INFO - ✅ Downloaded: Durisol Falazóelemek - Alkalmazástechnika és tervezési segédlet
2025-07-07 15:57:55,470 - INFO - ✅ Downloaded: Információk
2025-07-07 15:57:56,372 - INFO - HTTP Request: GET https://u-ertek-kalkulator.leier.hu/downloadmanager/details/id/1916/m/30 "HTTP/1.1 200 OK"
2025-07-07 15:57:56,383 - INFO - ✅ Downloaded: Információk
2025-07-07 15:57:56,393 - INFO - HTTP Request: GET https://u-ertek-kalkulator.leier.hu/downloadmanager/details/id/3469/m/30 "HTTP/1.1 200 OK"
2025-07-07 15:57:56,402 - INFO - HTTP Request: GET https://u-ertek-kalkulator.leier.hu/downloadmanager/details/id/3481/m/30 "HTTP/1.1 200 OK"
2025-07-07 15:57:56,413 - INFO - HTTP Request: GET https://u-ertek-kalkulator.leier.hu/downloadmanager/details/id/1949/m/186 "HTTP/1.1 200 OK"
2025-07-07 15:57:56,423 - INFO - HTTP Request: GET https://u-ertek-kalkulator.leier.hu/downloadmanager/details/id/956/m/30 "HTTP/1.1 200 OK"
2025-07-07 15:57:56,434 - INFO - ✅ Downloaded: Információk
2025-07-07 15:57:56,437 - INFO - ✅ Downloaded: Információk
2025-07-07 15:57:56,440 - INFO - ✅ Downloaded: Információk
2025-07-07 15:57:56,446 - INFO - ✅ Downloaded: Előregyártott betonelemek - Alkalmazástechnika
2025-07-07 15:57:56,454 - INFO - 📊 Report saved to C:\Users\Admin\.cursor\Lambda\leier_scraping_reports\leier_download_manager_report_20250707_155756.json
